Archive member included to satisfy reference by file (symbol)

/opt/gcc-arm-none-eabi-9-2020-q2-update/bin/../lib/gcc/arm-none-eabi/9.3.1/../../../../arm-none-eabi/lib/thumb/v7e-m+fp/hard/libc_nano.a(lib_a-errno.o)
                              ./Core/Src/syscalls.o (__errno)
/opt/gcc-arm-none-eabi-9-2020-q2-update/bin/../lib/gcc/arm-none-eabi/9.3.1/../../../../arm-none-eabi/lib/thumb/v7e-m+fp/hard/libc_nano.a(lib_a-exit.o)
                              /opt/gcc-arm-none-eabi-9-2020-q2-update/bin/../lib/gcc/arm-none-eabi/9.3.1/../../../../arm-none-eabi/lib/thumb/v7e-m+fp/hard/crt0.o (exit)
/opt/gcc-arm-none-eabi-9-2020-q2-update/bin/../lib/gcc/arm-none-eabi/9.3.1/../../../../arm-none-eabi/lib/thumb/v7e-m+fp/hard/libc_nano.a(lib_a-impure.o)
                              /opt/gcc-arm-none-eabi-9-2020-q2-update/bin/../lib/gcc/arm-none-eabi/9.3.1/../../../../arm-none-eabi/lib/thumb/v7e-m+fp/hard/libc_nano.a(lib_a-exit.o) (_global_impure_ptr)
/opt/gcc-arm-none-eabi-9-2020-q2-update/bin/../lib/gcc/arm-none-eabi/9.3.1/../../../../arm-none-eabi/lib/thumb/v7e-m+fp/hard/libc_nano.a(lib_a-init.o)
                              /opt/gcc-arm-none-eabi-9-2020-q2-update/bin/../lib/gcc/arm-none-eabi/9.3.1/../../../../arm-none-eabi/lib/thumb/v7e-m+fp/hard/crt0.o (__libc_init_array)
/opt/gcc-arm-none-eabi-9-2020-q2-update/bin/../lib/gcc/arm-none-eabi/9.3.1/../../../../arm-none-eabi/lib/thumb/v7e-m+fp/hard/libc_nano.a(lib_a-memset.o)
                              /opt/gcc-arm-none-eabi-9-2020-q2-update/bin/../lib/gcc/arm-none-eabi/9.3.1/../../../../arm-none-eabi/lib/thumb/v7e-m+fp/hard/crt0.o (memset)
/opt/gcc-arm-none-eabi-9-2020-q2-update/bin/../lib/gcc/arm-none-eabi/9.3.1/thumb/v7e-m+fp/hard/libgcc.a(_aeabi_uldivmod.o)
                              ./Drivers/STM32L4xx_HAL_Driver/Src/stm32l4xx_hal_uart.o (__aeabi_uldivmod)
/opt/gcc-arm-none-eabi-9-2020-q2-update/bin/../lib/gcc/arm-none-eabi/9.3.1/thumb/v7e-m+fp/hard/libgcc.a(_udivmoddi4.o)
                              /opt/gcc-arm-none-eabi-9-2020-q2-update/bin/../lib/gcc/arm-none-eabi/9.3.1/thumb/v7e-m+fp/hard/libgcc.a(_aeabi_uldivmod.o) (__udivmoddi4)
/opt/gcc-arm-none-eabi-9-2020-q2-update/bin/../lib/gcc/arm-none-eabi/9.3.1/thumb/v7e-m+fp/hard/libgcc.a(_dvmd_tls.o)
                              /opt/gcc-arm-none-eabi-9-2020-q2-update/bin/../lib/gcc/arm-none-eabi/9.3.1/thumb/v7e-m+fp/hard/libgcc.a(_aeabi_uldivmod.o) (__aeabi_ldiv0)

Allocating common symbols
Common symbol       size              file

hdma_usart2_rx      0x48              ./Core/Src/usart.o
huart3              0x84              ./Core/Src/usart.o
uwTick              0x4               ./Drivers/STM32L4xx_HAL_Driver/Src/stm32l4xx_hal.o
hdma_usart2_tx      0x48              ./Core/Src/usart.o
htim2               0x4c              ./Core/Src/tim.o
huart2              0x84              ./Core/Src/usart.o
hcan1               0x28              ./Core/Src/can.o
htim7               0x4c              ./Core/Src/tim.o
GP                  0x5               ./Core/Src/main.o

Discarded input sections

 .text          0x0000000000000000        0x0 /opt/gcc-arm-none-eabi-9-2020-q2-update/bin/../lib/gcc/arm-none-eabi/9.3.1/thumb/v7e-m+fp/hard/crti.o
 .data          0x0000000000000000        0x0 /opt/gcc-arm-none-eabi-9-2020-q2-update/bin/../lib/gcc/arm-none-eabi/9.3.1/thumb/v7e-m+fp/hard/crti.o
 .bss           0x0000000000000000        0x0 /opt/gcc-arm-none-eabi-9-2020-q2-update/bin/../lib/gcc/arm-none-eabi/9.3.1/thumb/v7e-m+fp/hard/crti.o
 .data          0x0000000000000000        0x4 /opt/gcc-arm-none-eabi-9-2020-q2-update/bin/../lib/gcc/arm-none-eabi/9.3.1/thumb/v7e-m+fp/hard/crtbegin.o
 .text          0x0000000000000000       0x7c /opt/gcc-arm-none-eabi-9-2020-q2-update/bin/../lib/gcc/arm-none-eabi/9.3.1/../../../../arm-none-eabi/lib/thumb/v7e-m+fp/hard/crt0.o
 .data          0x0000000000000000        0x0 /opt/gcc-arm-none-eabi-9-2020-q2-update/bin/../lib/gcc/arm-none-eabi/9.3.1/../../../../arm-none-eabi/lib/thumb/v7e-m+fp/hard/crt0.o
 .bss           0x0000000000000000        0x0 /opt/gcc-arm-none-eabi-9-2020-q2-update/bin/../lib/gcc/arm-none-eabi/9.3.1/../../../../arm-none-eabi/lib/thumb/v7e-m+fp/hard/crt0.o
 .ARM.extab     0x0000000000000000        0x0 /opt/gcc-arm-none-eabi-9-2020-q2-update/bin/../lib/gcc/arm-none-eabi/9.3.1/../../../../arm-none-eabi/lib/thumb/v7e-m+fp/hard/crt0.o
 .ARM.exidx     0x0000000000000000       0x10 /opt/gcc-arm-none-eabi-9-2020-q2-update/bin/../lib/gcc/arm-none-eabi/9.3.1/../../../../arm-none-eabi/lib/thumb/v7e-m+fp/hard/crt0.o
 .ARM.attributes
                0x0000000000000000       0x1c /opt/gcc-arm-none-eabi-9-2020-q2-update/bin/../lib/gcc/arm-none-eabi/9.3.1/../../../../arm-none-eabi/lib/thumb/v7e-m+fp/hard/crt0.o
 .group         0x0000000000000000        0xc ./Core/Src/can.o
 .group         0x0000000000000000        0xc ./Core/Src/can.o
 .group         0x0000000000000000        0xc ./Core/Src/can.o
 .group         0x0000000000000000        0xc ./Core/Src/can.o
[...]
Memory Configuration

Name             Origin             Length             Attributes
RAM              0x0000000020000000 0x000000000000c000 xrw
RAM2             0x0000000010000000 0x0000000000004000 xrw
FLASH            0x0000000008000000 0x0000000000040000 xr
*default*        0x0000000000000000 0xffffffffffffffff

Linker script and memory map

LOAD /opt/gcc-arm-none-eabi-9-2020-q2-update/bin/../lib/gcc/arm-none-eabi/9.3.1/thumb/v7e-m+fp/hard/crti.o
LOAD /opt/gcc-arm-none-eabi-9-2020-q2-update/bin/../lib/gcc/arm-none-eabi/9.3.1/thumb/v7e-m+fp/hard/crtbegin.o
LOAD /opt/gcc-arm-none-eabi-9-2020-q2-update/bin/../lib/gcc/arm-none-eabi/9.3.1/../../../../arm-none-eabi/lib/thumb/v7e-m+fp/hard/crt0.o
LOAD ./Core/Src/can.o
LOAD ./Core/Src/dma.o
LOAD ./Core/Src/gpio.o
LOAD ./Core/Src/main.o
LOAD ./Core/Src/stm32l4xx_hal_msp.o
LOAD ./Core/Src/stm32l4xx_it.o
LOAD ./Core/Src/syscalls.o
LOAD ./Core/Src/sysmem.o
LOAD ./Core/Src/system_stm32l4xx.o
LOAD ./Core/Src/tim.o
LOAD ./Core/Src/usart.o
LOAD ./Core/Startup/startup_stm32l431cctx.o
LOAD ./Drivers/STM32L4xx_HAL_Driver/Src/stm32l4xx_hal.o
LOAD ./Drivers/STM32L4xx_HAL_Driver/Src/stm32l4xx_hal_can.o
LOAD ./Drivers/STM32L4xx_HAL_Driver/Src/stm32l4xx_hal_cortex.o
LOAD ./Drivers/STM32L4xx_HAL_Driver/Src/stm32l4xx_hal_dma.o
LOAD ./Drivers/STM32L4xx_HAL_Driver/Src/stm32l4xx_hal_dma_ex.o
LOAD ./Drivers/STM32L4xx_HAL_Driver/Src/stm32l4xx_hal_exti.o
LOAD ./Drivers/STM32L4xx_HAL_Driver/Src/stm32l4xx_hal_flash.o
LOAD ./Drivers/STM32L4xx_HAL_Driver/Src/stm32l4xx_hal_flash_ex.o
LOAD ./Drivers/STM32L4xx_HAL_Driver/Src/stm32l4xx_hal_flash_ramfunc.o
LOAD ./Drivers/STM32L4xx_HAL_Driver/Src/stm32l4xx_hal_gpio.o
LOAD ./Drivers/STM32L4xx_HAL_Driver/Src/stm32l4xx_hal_i2c.o
LOAD ./Drivers/STM32L4xx_HAL_Driver/Src/stm32l4xx_hal_i2c_ex.o
LOAD ./Drivers/STM32L4xx_HAL_Driver/Src/stm32l4xx_hal_pwr.o
LOAD ./Drivers/STM32L4xx_HAL_Driver/Src/stm32l4xx_hal_pwr_ex.o
LOAD ./Drivers/STM32L4xx_HAL_Driver/Src/stm32l4xx_hal_rcc.o
LOAD ./Drivers/STM32L4xx_HAL_Driver/Src/stm32l4xx_hal_rcc_ex.o
LOAD ./Drivers/STM32L4xx_HAL_Driver/Src/stm32l4xx_hal_tim.o
LOAD ./Drivers/STM32L4xx_HAL_Driver/Src/stm32l4xx_hal_tim_ex.o
LOAD ./Drivers/STM32L4xx_HAL_Driver/Src/stm32l4xx_hal_uart.o
LOAD ./Drivers/STM32L4xx_HAL_Driver/Src/stm32l4xx_hal_uart_ex.o
START GROUP
LOAD /opt/gcc-arm-none-eabi-9-2020-q2-update/bin/../lib/gcc/arm-none-eabi/9.3.1/../../../../arm-none-eabi/lib/thumb/v7e-m+fp/hard/libc_nano.a
LOAD /opt/gcc-arm-none-eabi-9-2020-q2-update/bin/../lib/gcc/arm-none-eabi/9.3.1/../../../../arm-none-eabi/lib/thumb/v7e-m+fp/hard/libm.a
END GROUP
START GROUP
LOAD /opt/gcc-arm-none-eabi-9-2020-q2-update/bin/../lib/gcc/arm-none-eabi/9.3.1/thumb/v7e-m+fp/hard/libgcc.a
LOAD /opt/gcc-arm-none-eabi-9-2020-q2-update/bin/../lib/gcc/arm-none-eabi/9.3.1/../../../../arm-none-eabi/lib/thumb/v7e-m+fp/hard/libc_nano.a
END GROUP
START GROUP
LOAD /opt/gcc-arm-none-eabi-9-2020-q2-update/bin/../lib/gcc/arm-none-eabi/9.3.1/thumb/v7e-m+fp/hard/libgcc.a
LOAD /opt/gcc-arm-none-eabi-9-2020-q2-update/bin/../lib/gcc/arm-none-eabi/9.3.1/../../../../arm-none-eabi/lib/thumb/v7e-m+fp/hard/libc_nano.a
LOAD /opt/gcc-arm-none-eabi-9-2020-q2-update/bin/../lib/gcc/arm-none-eabi/9.3.1/../../../../arm-none-eabi/lib/thumb/v7e-m+fp/hard/libnosys.a
END GROUP
START GROUP
LOAD /opt/gcc-arm-none-eabi-9-2020-q2-update/bin/../lib/gcc/arm-none-eabi/9.3.1/thumb/v7e-m+fp/hard/libgcc.a
LOAD /opt/gcc-arm-none-eabi-9-2020-q2-update/bin/../lib/gcc/arm-none-eabi/9.3.1/../../../../arm-none-eabi/lib/thumb/v7e-m+fp/hard/libc_nano.a
LOAD /opt/gcc-arm-none-eabi-9-2020-q2-update/bin/../lib/gcc/arm-none-eabi/9.3.1/../../../../arm-none-eabi/lib/thumb/v7e-m+fp/hard/libnosys.a
END GROUP
LOAD /opt/gcc-arm-none-eabi-9-2020-q2-update/bin/../lib/gcc/arm-none-eabi/9.3.1/thumb/v7e-m+fp/hard/crtend.o
LOAD /opt/gcc-arm-none-eabi-9-2020-q2-update/bin/../lib/gcc/arm-none-eabi/9.3.1/thumb/v7e-m+fp/hard/crtn.o
                0x000000002000c000                _estack = (ORIGIN (RAM) + LENGTH (RAM))
                0x0000000000000200                _Min_Heap_Size = 0x200
                0x0000000000000400                _Min_Stack_Size = 0x400

.isr_vector     0x0000000008000000      0x18c
                0x0000000008000000                . = ALIGN (0x4)
 *(.isr_vector)
 .isr_vector    0x0000000008000000      0x18c ./Core/Startup/startup_stm32l431cctx.o
                0x0000000008000000                g_pfnVectors
                0x000000000800018c                . = ALIGN (0x4)

.text           0x000000000800018c     0x3550
                0x000000000800018c                . = ALIGN (0x4)
 *(.text)
 .text          0x000000000800018c       0x40 /opt/gcc-arm-none-eabi-9-2020-q2-update/bin/../lib/gcc/arm-none-eabi/9.3.1/thumb/v7e-m+fp/hard/crtbegin.o
 *(.text*)
 .text.MX_CAN1_Init
                0x00000000080001cc       0x6c ./Core/Src/can.o
                0x00000000080001cc                MX_CAN1_Init
 .text.HAL_CAN_MspInit
                0x0000000008000238       0x98 ./Core/Src/can.o
                0x0000000008000238                HAL_CAN_MspInit
 .text.MX_GPIO_Init
                0x00000000080002d0       0x94 ./Core/Src/gpio.o
                0x00000000080002d0                MX_GPIO_Init
 .text.GetCommandOutputState
                0x0000000008000364       0x78 ./Core/Src/main.o
 .text.SetDriverBoxCmd
                0x00000000080003dc       0x44 ./Core/Src/main.o
                0x00000000080003dc                SetDriverBoxCmd
 .text.GPIO_Set_Action
                0x0000000008000420       0x50 ./Core/Src/main.o
                0x0000000008000420                GPIO_Set_Action
 .text.RUDDERS_HEAD_Parse_Character
                0x0000000008000470      0x158 ./Core/Src/main.o
                0x0000000008000470                RUDDERS_HEAD_Parse_Character
 .text.CRC_16_Calc_TX
                0x00000000080005c8       0xc8 ./Core/Src/main.o
                0x00000000080005c8                CRC_16_Calc_TX
 .text.CAN_SendProtocolMsg
                0x0000000008000690       0xa8 ./Core/Src/main.o
                0x0000000008000690                CAN_SendProtocolMsg
 .text.HAL_CAN_RxFifo0MsgPendingCallback
                0x0000000008000738       0x56 ./Core/Src/main.o
                0x0000000008000738                HAL_CAN_RxFifo0MsgPendingCallback
 *fill*         0x000000000800078e        0x2 
 .text.main     0x0000000008000790       0x88 ./Core/Src/main.o
                0x0000000008000790                main
 .text.SystemClock_Config
                0x0000000008000818       0xa2 ./Core/Src/main.o
                0x0000000008000818                SystemClock_Config
 .text.Error_Handler
                0x00000000080008ba        0xa ./Core/Src/main.o
                0x00000000080008ba                Error_Handler
 .text.HAL_MspInit
                0x00000000080008c4       0x48 ./Core/Src/stm32l4xx_hal_msp.o
                0x00000000080008c4                HAL_MspInit
 .text.NMI_Handler
                0x000000000800090c        0x6 ./Core/Src/stm32l4xx_it.o
                0x000000000800090c                NMI_Handler
 .text.HardFault_Handler
                0x0000000008000912        0x6 ./Core/Src/stm32l4xx_it.o
                0x0000000008000912                HardFault_Handler
 .text.MemManage_Handler
                0x0000000008000918        0x6 ./Core/Src/stm32l4xx_it.o
                0x0000000008000918                MemManage_Handler
 .text.BusFault_Handler
                0x000000000800091e        0x6 ./Core/Src/stm32l4xx_it.o
                0x000000000800091e                BusFault_Handler
 .text.UsageFault_Handler
                0x0000000008000924        0x6 ./Core/Src/stm32l4xx_it.o
                0x0000000008000924                UsageFault_Handler
 .text.SVC_Handler
                0x000000000800092a        0xe ./Core/Src/stm32l4xx_it.o
                0x000000000800092a                SVC_Handler
 .text.DebugMon_Handler
                0x0000000008000938        0xe ./Core/Src/stm32l4xx_it.o
                0x0000000008000938                DebugMon_Handler
 .text.PendSV_Handler
                0x0000000008000946        0xe ./Core/Src/stm32l4xx_it.o
                0x0000000008000946                PendSV_Handler
 .text.SysTick_Handler
                0x0000000008000954        0xc ./Core/Src/stm32l4xx_it.o
                0x0000000008000954                SysTick_Handler
 .text.DMA1_Channel6_IRQHandler
                0x0000000008000960       0x14 ./Core/Src/stm32l4xx_it.o
                0x0000000008000960                DMA1_Channel6_IRQHandler
 .text.DMA1_Channel7_IRQHandler
                0x0000000008000974       0x14 ./Core/Src/stm32l4xx_it.o
                0x0000000008000974                DMA1_Channel7_IRQHandler
 .text.TIM2_IRQHandler
                0x0000000008000988       0x14 ./Core/Src/stm32l4xx_it.o
                0x0000000008000988                TIM2_IRQHandler
 .text.USART2_IRQHandler
                0x000000000800099c       0x14 ./Core/Src/stm32l4xx_it.o
                0x000000000800099c                USART2_IRQHandler
 .text.CAN1_RX0_IRQHandler
                0x00000000080009b0       0x14 ./Core/Src/stm32l4xx_it.o
                0x00000000080009b0                CAN1_RX0_IRQHandler
 .text.SystemInit
                0x00000000080009c4       0x24 ./Core/Src/system_stm32l4xx.o
                0x00000000080009c4                SystemInit
 .text.Reset_Handler
                0x00000000080009e8       0x50 ./Core/Startup/startup_stm32l431cctx.o
                0x00000000080009e8                Reset_Handler
 .text.Default_Handler
                0x0000000008000a38        0x2 ./Core/Startup/startup_stm32l431cctx.o
                0x0000000008000a38                RTC_Alarm_IRQHandler
                0x0000000008000a38                EXTI2_IRQHandler
                0x0000000008000a38                TIM1_CC_IRQHandler
                0x0000000008000a38                TSC_IRQHandler
                0x0000000008000a38                TAMP_STAMP_IRQHandler
                0x0000000008000a38                EXTI3_IRQHandler
                0x0000000008000a38                LPTIM2_IRQHandler
                0x0000000008000a38                I2C3_ER_IRQHandler
                0x0000000008000a38                EXTI0_IRQHandler
                0x0000000008000a38                I2C2_EV_IRQHandler
                0x0000000008000a38                FPU_IRQHandler
                0x0000000008000a38                TIM1_UP_TIM16_IRQHandler
                0x0000000008000a38                SPI1_IRQHandler
                0x0000000008000a38                TIM6_DAC_IRQHandler
                0x0000000008000a38                DMA2_Channel2_IRQHandler
                0x0000000008000a38                DMA1_Channel4_IRQHandler
                0x0000000008000a38                ADC1_IRQHandler
                0x0000000008000a38                USART3_IRQHandler
                0x0000000008000a38                CAN1_RX1_IRQHandler
                0x0000000008000a38                DMA2_Channel1_IRQHandler
                0x0000000008000a38                QUADSPI_IRQHandler
                0x0000000008000a38                I2C1_EV_IRQHandler
                0x0000000008000a38                DMA2_Channel4_IRQHandler
                0x0000000008000a38                RCC_IRQHandler
                0x0000000008000a38                TIM1_TRG_COM_IRQHandler
                0x0000000008000a38                DMA1_Channel1_IRQHandler
                0x0000000008000a38                Default_Handler
                0x0000000008000a38                DMA2_Channel7_IRQHandler
                0x0000000008000a38                EXTI15_10_IRQHandler
                0x0000000008000a38                TIM7_IRQHandler
                0x0000000008000a38                SDMMC1_IRQHandler
                0x0000000008000a38                I2C3_EV_IRQHandler
                0x0000000008000a38                EXTI9_5_IRQHandler
                0x0000000008000a38                RTC_WKUP_IRQHandler
                0x0000000008000a38                PVD_PVM_IRQHandler
                0x0000000008000a38                SPI2_IRQHandler
                0x0000000008000a38                CAN1_TX_IRQHandler
                0x0000000008000a38                DMA2_Channel5_IRQHandler
                0x0000000008000a38                CRS_IRQHandler
                0x0000000008000a38                DMA1_Channel5_IRQHandler
                0x0000000008000a38                EXTI4_IRQHandler
                0x0000000008000a38                RNG_IRQHandler
                0x0000000008000a38                DMA1_Channel3_IRQHandler
                0x0000000008000a38                COMP_IRQHandler
                0x0000000008000a38                WWDG_IRQHandler
                0x0000000008000a38                LPUART1_IRQHandler
                0x0000000008000a38                DMA2_Channel6_IRQHandler
                0x0000000008000a38                EXTI1_IRQHandler
                0x0000000008000a38                I2C2_ER_IRQHandler
                0x0000000008000a38                DMA1_Channel2_IRQHandler
                0x0000000008000a38                CAN1_SCE_IRQHandler
                0x0000000008000a38                FLASH_IRQHandler
                0x0000000008000a38                USART1_IRQHandler
                0x0000000008000a38                SPI3_IRQHandler
                0x0000000008000a38                I2C1_ER_IRQHandler
                0x0000000008000a38                SWPMI1_IRQHandler
                0x0000000008000a38                LPTIM1_IRQHandler
                0x0000000008000a38                SAI1_IRQHandler
                0x0000000008000a38                DMA2_Channel3_IRQHandler
                0x0000000008000a38                TIM1_BRK_TIM15_IRQHandler
 .text.HAL_Init
                0x0000000008000a3a       0x30 ./Drivers/STM32L4xx_HAL_Driver/Src/stm32l4xx_hal.o
                0x0000000008000a3a                HAL_Init
 *fill*         0x0000000008000a6a        0x2 
 .text.HAL_InitTick
                0x0000000008000a6c       0x78 ./Drivers/STM32L4xx_HAL_Driver/Src/stm32l4xx_hal.o
                0x0000000008000a6c                HAL_InitTick
 .text.HAL_IncTick
                0x0000000008000ae4       0x28 ./Drivers/STM32L4xx_HAL_Driver/Src/stm32l4xx_hal.o
                0x0000000008000ae4                HAL_IncTick
 .text.HAL_GetTick
                0x0000000008000b0c       0x18 ./Drivers/STM32L4xx_HAL_Driver/Src/stm32l4xx_hal.o
                0x0000000008000b0c                HAL_GetTick
 .text.HAL_CAN_Init
                0x0000000008000b24      0x1f6 ./Drivers/STM32L4xx_HAL_Driver/Src/stm32l4xx_hal_can.o
                0x0000000008000b24                HAL_CAN_Init
 .text.HAL_CAN_ConfigFilter
                0x0000000008000d1a      0x194 ./Drivers/STM32L4xx_HAL_Driver/Src/stm32l4xx_hal_can.o
                0x0000000008000d1a                HAL_CAN_ConfigFilter
 .text.HAL_CAN_Start
                0x0000000008000eae       0x88 ./Drivers/STM32L4xx_HAL_Driver/Src/stm32l4xx_hal_can.o
                0x0000000008000eae                HAL_CAN_Start
 .text.HAL_CAN_AddTxMessage
                0x0000000008000f36      0x1a0 ./Drivers/STM32L4xx_HAL_Driver/Src/stm32l4xx_hal_can.o
                0x0000000008000f36                HAL_CAN_AddTxMessage
 .text.HAL_CAN_GetRxMessage
                0x00000000080010d6      0x244 ./Drivers/STM32L4xx_HAL_Driver/Src/stm32l4xx_hal_can.o
                0x00000000080010d6                HAL_CAN_GetRxMessage
 .text.HAL_CAN_ActivateNotification
                0x000000000800131a       0x4c ./Drivers/STM32L4xx_HAL_Driver/Src/stm32l4xx_hal_can.o
                0x000000000800131a                HAL_CAN_ActivateNotification
 .text.HAL_CAN_IRQHandler
                0x0000000008001366      0x36e ./Drivers/STM32L4xx_HAL_Driver/Src/stm32l4xx_hal_can.o
                0x0000000008001366                HAL_CAN_IRQHandler
 .text.HAL_CAN_TxMailbox0CompleteCallback
                0x00000000080016d4       0x14 ./Drivers/STM32L4xx_HAL_Driver/Src/stm32l4xx_hal_can.o
                0x00000000080016d4                HAL_CAN_TxMailbox0CompleteCallback
 .text.HAL_CAN_TxMailbox1CompleteCallback
                0x00000000080016e8       0x14 ./Drivers/STM32L4xx_HAL_Driver/Src/stm32l4xx_hal_can.o
                0x00000000080016e8                HAL_CAN_TxMailbox1CompleteCallback
 .text.HAL_CAN_TxMailbox2CompleteCallback
                0x00000000080016fc       0x14 ./Drivers/STM32L4xx_HAL_Driver/Src/stm32l4xx_hal_can.o
                0x00000000080016fc                HAL_CAN_TxMailbox2CompleteCallback
 .text.HAL_CAN_TxMailbox0AbortCallback
                0x0000000008001710       0x14 ./Drivers/STM32L4xx_HAL_Driver/Src/stm32l4xx_hal_can.o
                0x0000000008001710                HAL_CAN_TxMailbox0AbortCallback
 .text.HAL_CAN_TxMailbox1AbortCallback
                0x0000000008001724       0x14 ./Drivers/STM32L4xx_HAL_Driver/Src/stm32l4xx_hal_can.o
                0x0000000008001724                HAL_CAN_TxMailbox1AbortCallback
 .text.HAL_CAN_TxMailbox2AbortCallback
                0x0000000008001738       0x14 ./Drivers/STM32L4xx_HAL_Driver/Src/stm32l4xx_hal_can.o
                0x0000000008001738                HAL_CAN_TxMailbox2AbortCallback
 .text.HAL_CAN_RxFifo0FullCallback
                0x000000000800174c       0x14 ./Drivers/STM32L4xx_HAL_Driver/Src/stm32l4xx_hal_can.o
                0x000000000800174c                HAL_CAN_RxFifo0FullCallback
 .text.HAL_CAN_RxFifo1MsgPendingCallback
                0x0000000008001760       0x14 ./Drivers/STM32L4xx_HAL_Driver/Src/stm32l4xx_hal_can.o
                0x0000000008001760                HAL_CAN_RxFifo1MsgPendingCallback
 .text.HAL_CAN_RxFifo1FullCallback
                0x0000000008001774       0x14 ./Drivers/STM32L4xx_HAL_Driver/Src/stm32l4xx_hal_can.o
                0x0000000008001774                HAL_CAN_RxFifo1FullCallback
 .text.HAL_CAN_SleepCallback
                0x0000000008001788       0x14 ./Drivers/STM32L4xx_HAL_Driver/Src/stm32l4xx_hal_can.o
                0x0000000008001788                HAL_CAN_SleepCallback
 .text.HAL_CAN_WakeUpFromRxMsgCallback
                0x000000000800179c       0x14 ./Drivers/STM32L4xx_HAL_Driver/Src/stm32l4xx_hal_can.o
                0x000000000800179c                HAL_CAN_WakeUpFromRxMsgCallback
 .text.HAL_CAN_ErrorCallback
                0x00000000080017b0       0x14 ./Drivers/STM32L4xx_HAL_Driver/Src/stm32l4xx_hal_can.o
                0x00000000080017b0                HAL_CAN_ErrorCallback
 .text.__NVIC_SetPriorityGrouping
                0x00000000080017c4       0x48 ./Drivers/STM32L4xx_HAL_Driver/Src/stm32l4xx_hal_cortex.o
 .text.__NVIC_GetPriorityGrouping
                0x000000000800180c       0x1c ./Drivers/STM32L4xx_HAL_Driver/Src/stm32l4xx_hal_cortex.o
 .text.__NVIC_EnableIRQ
                0x0000000008001828       0x3c ./Drivers/STM32L4xx_HAL_Driver/Src/stm32l4xx_hal_cortex.o
 .text.__NVIC_SetPriority
                0x0000000008001864       0x54 ./Drivers/STM32L4xx_HAL_Driver/Src/stm32l4xx_hal_cortex.o
 .text.NVIC_EncodePriority
                0x00000000080018b8       0x66 ./Drivers/STM32L4xx_HAL_Driver/Src/stm32l4xx_hal_cortex.o
 *fill*         0x000000000800191e        0x2 
 .text.SysTick_Config
                0x0000000008001920       0x44 ./Drivers/STM32L4xx_HAL_Driver/Src/stm32l4xx_hal_cortex.o
 .text.HAL_NVIC_SetPriorityGrouping
                0x0000000008001964       0x16 ./Drivers/STM32L4xx_HAL_Driver/Src/stm32l4xx_hal_cortex.o
                0x0000000008001964                HAL_NVIC_SetPriorityGrouping
 .text.HAL_NVIC_SetPriority
                0x000000000800197a       0x38 ./Drivers/STM32L4xx_HAL_Driver/Src/stm32l4xx_hal_cortex.o
                0x000000000800197a                HAL_NVIC_SetPriority
 .text.HAL_NVIC_EnableIRQ
                0x00000000080019b2       0x1c ./Drivers/STM32L4xx_HAL_Driver/Src/stm32l4xx_hal_cortex.o
                0x00000000080019b2                HAL_NVIC_EnableIRQ
 .text.HAL_SYSTICK_Config
                0x00000000080019ce       0x18 ./Drivers/STM32L4xx_HAL_Driver/Src/stm32l4xx_hal_cortex.o
                0x00000000080019ce                HAL_SYSTICK_Config
 .text.HAL_DMA_Abort
                0x00000000080019e6       0x7c ./Drivers/STM32L4xx_HAL_Driver/Src/stm32l4xx_hal_dma.o
                0x00000000080019e6                HAL_DMA_Abort
 .text.HAL_DMA_Abort_IT
                0x0000000008001a62       0x82 ./Drivers/STM32L4xx_HAL_Driver/Src/stm32l4xx_hal_dma.o
                0x0000000008001a62                HAL_DMA_Abort_IT
 .text.HAL_DMA_IRQHandler
                0x0000000008001ae4      0x15e ./Drivers/STM32L4xx_HAL_Driver/Src/stm32l4xx_hal_dma.o
                0x0000000008001ae4                HAL_DMA_IRQHandler
 *fill*         0x0000000008001c42        0x2 
 .text.HAL_GPIO_Init
                0x0000000008001c44      0x2f4 ./Drivers/STM32L4xx_HAL_Driver/Src/stm32l4xx_hal_gpio.o
                0x0000000008001c44                HAL_GPIO_Init
 .text.HAL_GPIO_WritePin
                0x0000000008001f38       0x30 ./Drivers/STM32L4xx_HAL_Driver/Src/stm32l4xx_hal_gpio.o
                0x0000000008001f38                HAL_GPIO_WritePin
 .text.HAL_PWREx_GetVoltageRange
                0x0000000008001f68       0x1c ./Drivers/STM32L4xx_HAL_Driver/Src/stm32l4xx_hal_pwr_ex.o
                0x0000000008001f68                HAL_PWREx_GetVoltageRange
 .text.HAL_PWREx_ControlVoltageScaling
                0x0000000008001f84       0xac ./Drivers/STM32L4xx_HAL_Driver/Src/stm32l4xx_hal_pwr_ex.o
                0x0000000008001f84                HAL_PWREx_ControlVoltageScaling
 .text.HAL_RCC_OscConfig
                0x0000000008002030      0x824 ./Drivers/STM32L4xx_HAL_Driver/Src/stm32l4xx_hal_rcc.o
                0x0000000008002030                HAL_RCC_OscConfig
 .text.HAL_RCC_ClockConfig
                0x0000000008002854      0x200 ./Drivers/STM32L4xx_HAL_Driver/Src/stm32l4xx_hal_rcc.o
                0x0000000008002854                HAL_RCC_ClockConfig
 .text.HAL_RCC_GetSysClockFreq
                0x0000000008002a54      0x118 ./Drivers/STM32L4xx_HAL_Driver/Src/stm32l4xx_hal_rcc.o
                0x0000000008002a54                HAL_RCC_GetSysClockFreq
 .text.RCC_SetFlashLatencyFromMSIRange
                0x0000000008002b6c       0xc0 ./Drivers/STM32L4xx_HAL_Driver/Src/stm32l4xx_hal_rcc.o
 .text.HAL_TIM_IRQHandler
                0x0000000008002c2c      0x23e ./Drivers/STM32L4xx_HAL_Driver/Src/stm32l4xx_hal_tim.o
                0x0000000008002c2c                HAL_TIM_IRQHandler
 .text.HAL_TIM_PeriodElapsedCallback
                0x0000000008002e6a       0x14 ./Drivers/STM32L4xx_HAL_Driver/Src/stm32l4xx_hal_tim.o
                0x0000000008002e6a                HAL_TIM_PeriodElapsedCallback
 .text.HAL_TIM_OC_DelayElapsedCallback
                0x0000000008002e7e       0x14 ./Drivers/STM32L4xx_HAL_Driver/Src/stm32l4xx_hal_tim.o
                0x0000000008002e7e                HAL_TIM_OC_DelayElapsedCallback
 .text.HAL_TIM_IC_CaptureCallback
                0x0000000008002e92       0x14 ./Drivers/STM32L4xx_HAL_Driver/Src/stm32l4xx_hal_tim.o
                0x0000000008002e92                HAL_TIM_IC_CaptureCallback
 .text.HAL_TIM_PWM_PulseFinishedCallback
                0x0000000008002ea6       0x14 ./Drivers/STM32L4xx_HAL_Driver/Src/stm32l4xx_hal_tim.o
                0x0000000008002ea6                HAL_TIM_PWM_PulseFinishedCallback
 .text.HAL_TIM_TriggerCallback
                0x0000000008002eba       0x14 ./Drivers/STM32L4xx_HAL_Driver/Src/stm32l4xx_hal_tim.o
                0x0000000008002eba                HAL_TIM_TriggerCallback
 .text.HAL_TIMEx_CommutCallback
                0x0000000008002ece       0x14 ./Drivers/STM32L4xx_HAL_Driver/Src/stm32l4xx_hal_tim_ex.o
                0x0000000008002ece                HAL_TIMEx_CommutCallback
 .text.HAL_TIMEx_BreakCallback
                0x0000000008002ee2       0x14 ./Drivers/STM32L4xx_HAL_Driver/Src/stm32l4xx_hal_tim_ex.o
                0x0000000008002ee2                HAL_TIMEx_BreakCallback
 .text.HAL_TIMEx_Break2Callback
                0x0000000008002ef6       0x14 ./Drivers/STM32L4xx_HAL_Driver/Src/stm32l4xx_hal_tim_ex.o
                0x0000000008002ef6                HAL_TIMEx_Break2Callback
 *fill*         0x0000000008002f0a        0x2 
 .text.HAL_UART_IRQHandler
                0x0000000008002f0c      0x5c4 ./Drivers/STM32L4xx_HAL_Driver/Src/stm32l4xx_hal_uart.o
                0x0000000008002f0c                HAL_UART_IRQHandler
 .text.HAL_UART_TxCpltCallback
                0x00000000080034d0       0x14 ./Drivers/STM32L4xx_HAL_Driver/Src/stm32l4xx_hal_uart.o
                0x00000000080034d0                HAL_UART_TxCpltCallback
 .text.HAL_UART_ErrorCallback
                0x00000000080034e4       0x14 ./Drivers/STM32L4xx_HAL_Driver/Src/stm32l4xx_hal_uart.o
                0x00000000080034e4                HAL_UART_ErrorCallback
 .text.HAL_UARTEx_RxEventCallback
                0x00000000080034f8       0x18 ./Drivers/STM32L4xx_HAL_Driver/Src/stm32l4xx_hal_uart.o
                0x00000000080034f8                HAL_UARTEx_RxEventCallback
 .text.UART_EndRxTransfer
                0x0000000008003510       0xc6 ./Drivers/STM32L4xx_HAL_Driver/Src/stm32l4xx_hal_uart.o
 .text.UART_DMAAbortOnError
                0x00000000080035d6       0x2c ./Drivers/STM32L4xx_HAL_Driver/Src/stm32l4xx_hal_uart.o
 .text.UART_EndTransmit_IT
                0x0000000008003602       0x54 ./Drivers/STM32L4xx_HAL_Driver/Src/stm32l4xx_hal_uart.o
 .text.HAL_UARTEx_WakeupCallback
                0x0000000008003656       0x14 ./Drivers/STM32L4xx_HAL_Driver/Src/stm32l4xx_hal_uart_ex.o
                0x0000000008003656                HAL_UARTEx_WakeupCallback
 *fill*         0x000000000800366a        0x2 
 .text.__libc_init_array
                0x000000000800366c       0x48 /opt/gcc-arm-none-eabi-9-2020-q2-update/bin/../lib/gcc/arm-none-eabi/9.3.1/../../../../arm-none-eabi/lib/thumb/v7e-m+fp/hard/libc_nano.a(lib_a-init.o)
                0x000000000800366c                __libc_init_array
 .text.memset   0x00000000080036b4       0x10 /opt/gcc-arm-none-eabi-9-2020-q2-update/bin/../lib/gcc/arm-none-eabi/9.3.1/../../../../arm-none-eabi/lib/thumb/v7e-m+fp/hard/libc_nano.a(lib_a-memset.o)
                0x00000000080036b4                memset
 *(.glue_7)
 .glue_7        0x00000000080036c4        0x0 linker stubs
 *(.glue_7t)
 .glue_7t       0x00000000080036c4        0x0 linker stubs
 *(.eh_frame)
 .eh_frame      0x00000000080036c4        0x0 /opt/gcc-arm-none-eabi-9-2020-q2-update/bin/../lib/gcc/arm-none-eabi/9.3.1/thumb/v7e-m+fp/hard/crtbegin.o
 *(.init)
 .init          0x00000000080036c4        0x4 /opt/gcc-arm-none-eabi-9-2020-q2-update/bin/../lib/gcc/arm-none-eabi/9.3.1/thumb/v7e-m+fp/hard/crti.o
                0x00000000080036c4                _init
 .init          0x00000000080036c8        0x8 /opt/gcc-arm-none-eabi-9-2020-q2-update/bin/../lib/gcc/arm-none-eabi/9.3.1/thumb/v7e-m+fp/hard/crtn.o
 *(.fini)
 .fini          0x00000000080036d0        0x4 /opt/gcc-arm-none-eabi-9-2020-q2-update/bin/../lib/gcc/arm-none-eabi/9.3.1/thumb/v7e-m+fp/hard/crti.o
                0x00000000080036d0                _fini
 .fini          0x00000000080036d4        0x8 /opt/gcc-arm-none-eabi-9-2020-q2-update/bin/../lib/gcc/arm-none-eabi/9.3.1/thumb/v7e-m+fp/hard/crtn.o
                0x00000000080036dc                . = ALIGN (0x4)
                0x00000000080036dc                _etext = .

.vfp11_veneer   0x00000000080036dc        0x0
 .vfp11_veneer  0x00000000080036dc        0x0 linker stubs

.v4_bx          0x00000000080036dc        0x0
 .v4_bx         0x00000000080036dc        0x0 linker stubs

.iplt           0x00000000080036dc        0x0
 .iplt          0x00000000080036dc        0x0 /opt/gcc-arm-none-eabi-9-2020-q2-update/bin/../lib/gcc/arm-none-eabi/9.3.1/thumb/v7e-m+fp/hard/crtbegin.o

.rodata         0x00000000080036dc       0x40
                0x00000000080036dc                . = ALIGN (0x4)
 *(.rodata)
 *(.rodata*)
 .rodata.AHBPrescTable
                0x00000000080036dc       0x10 ./Core/Src/system_stm32l4xx.o
                0x00000000080036dc                AHBPrescTable
 .rodata.MSIRangeTable
                0x00000000080036ec       0x30 ./Core/Src/system_stm32l4xx.o
                0x00000000080036ec                MSIRangeTable
                0x000000000800371c                . = ALIGN (0x4)

.rel.dyn        0x000000000800371c        0x0
 .rel.iplt      0x000000000800371c        0x0 /opt/gcc-arm-none-eabi-9-2020-q2-update/bin/../lib/gcc/arm-none-eabi/9.3.1/thumb/v7e-m+fp/hard/crtbegin.o

.ARM.extab      0x000000000800371c        0x0
                0x000000000800371c                . = ALIGN (0x4)
 *(.ARM.extab* .gnu.linkonce.armextab.*)
                0x000000000800371c                . = ALIGN (0x4)

.ARM            0x000000000800371c        0x0
                0x000000000800371c                . = ALIGN (0x4)
                0x000000000800371c                __exidx_start = .
 *(.ARM.exidx*)
                0x000000000800371c                __exidx_end = .
                0x000000000800371c                . = ALIGN (0x4)

.preinit_array  0x000000000800371c        0x0
                0x000000000800371c                . = ALIGN (0x4)
                0x000000000800371c                PROVIDE (__preinit_array_start = .)
 *(.preinit_array*)
                0x000000000800371c                PROVIDE (__preinit_array_end = .)
                0x000000000800371c                . = ALIGN (0x4)

.init_array     0x000000000800371c        0x4
                0x000000000800371c                . = ALIGN (0x4)
                0x000000000800371c                PROVIDE (__init_array_start = .)
 *(SORT_BY_NAME(.init_array.*))
 *(.init_array*)
 .init_array    0x000000000800371c        0x4 /opt/gcc-arm-none-eabi-9-2020-q2-update/bin/../lib/gcc/arm-none-eabi/9.3.1/thumb/v7e-m+fp/hard/crtbegin.o
                0x0000000008003720                PROVIDE (__init_array_end = .)
                0x0000000008003720                . = ALIGN (0x4)

.fini_array     0x0000000008003720        0x4
                0x0000000008003720                . = ALIGN (0x4)
                [!provide]                        PROVIDE (__fini_array_start = .)
 *(SORT_BY_NAME(.fini_array.*))
 *(.fini_array*)
 .fini_array    0x0000000008003720        0x4 /opt/gcc-arm-none-eabi-9-2020-q2-update/bin/../lib/gcc/arm-none-eabi/9.3.1/thumb/v7e-m+fp/hard/crtbegin.o
                [!provide]                        PROVIDE (__fini_array_end = .)
                0x0000000008003724                . = ALIGN (0x4)
                0x0000000008003724                _sidata = LOADADDR (.data)

.data           0x0000000020000000        0xc load address 0x0000000008003724
                0x0000000020000000                . = ALIGN (0x4)
                0x0000000020000000                _sdata = .
 *(.data)
 *(.data*)
 .data.SystemCoreClock
                0x0000000020000000        0x4 ./Core/Src/system_stm32l4xx.o
                0x0000000020000000                SystemCoreClock
 .data.uwTickPrio
                0x0000000020000004        0x4 ./Drivers/STM32L4xx_HAL_Driver/Src/stm32l4xx_hal.o
                0x0000000020000004                uwTickPrio
 .data.uwTickFreq
                0x0000000020000008        0x1 ./Drivers/STM32L4xx_HAL_Driver/Src/stm32l4xx_hal.o
                0x0000000020000008                uwTickFreq
 *(.RamFunc)
 *(.RamFunc*)
                0x000000002000000c                . = ALIGN (0x4)
 *fill*         0x0000000020000009        0x3 
                0x000000002000000c                _edata = .

.igot.plt       0x000000002000000c        0x0 load address 0x0000000008003730
 .igot.plt      0x000000002000000c        0x0 /opt/gcc-arm-none-eabi-9-2020-q2-update/bin/../lib/gcc/arm-none-eabi/9.3.1/thumb/v7e-m+fp/hard/crtbegin.o
                0x000000002000000c                . = ALIGN (0x4)

.bss            0x000000002000000c      0x294 load address 0x0000000008003730
                0x000000002000000c                _sbss = .
                0x000000002000000c                __bss_start__ = _sbss
 *(.bss)
 .bss           0x000000002000000c       0x1c /opt/gcc-arm-none-eabi-9-2020-q2-update/bin/../lib/gcc/arm-none-eabi/9.3.1/thumb/v7e-m+fp/hard/crtbegin.o
 *(.bss*)
 .bss.crcHigh1  0x0000000020000028        0x1 ./Core/Src/main.o
                0x0000000020000028                crcHigh1
 .bss.crcLow1   0x0000000020000029        0x1 ./Core/Src/main.o
                0x0000000020000029                crcLow1
 .bss.crcLow2   0x000000002000002a        0x1 ./Core/Src/main.o
                0x000000002000002a                crcLow2
 *fill*         0x000000002000002b        0x1 
 .bss.Relay_BUF
                0x000000002000002c        0x5 ./Core/Src/main.o
                0x000000002000002c                Relay_BUF
 .bss.Relay_Index
                0x0000000020000031        0x1 ./Core/Src/main.o
 .bss.crc_Relay
                0x0000000020000032        0x1 ./Core/Src/main.o
                0x0000000020000032                crc_Relay
 .bss.step_rudders
                0x0000000020000033        0x1 ./Core/Src/main.o
 .bss.RUD_byte_cnt
                0x0000000020000034        0x4 ./Core/Src/main.o
                0x0000000020000034                RUD_byte_cnt
 .bss.g_last_cmd
                0x0000000020000038        0x1 ./Core/Src/main.o
 .bss.g_led_state
                0x0000000020000039        0x1 ./Core/Src/main.o
 *(COMMON)
 *fill*         0x000000002000003a        0x2 
 COMMON         0x000000002000003c       0x28 ./Core/Src/can.o
                0x000000002000003c                hcan1
 COMMON         0x0000000020000064        0x5 ./Core/Src/main.o
                0x0000000020000064                GP
 *fill*         0x0000000020000069        0x3 
 COMMON         0x000000002000006c       0x98 ./Core/Src/tim.o
                0x000000002000006c                htim2
                0x00000000200000b8                htim7
 COMMON         0x0000000020000104      0x198 ./Core/Src/usart.o
                0x0000000020000104                hdma_usart2_rx
                0x000000002000014c                huart3
                0x00000000200001d0                hdma_usart2_tx
                0x0000000020000218                huart2
 COMMON         0x000000002000029c        0x4 ./Drivers/STM32L4xx_HAL_Driver/Src/stm32l4xx_hal.o
                0x000000002000029c                uwTick
                0x00000000200002a0                . = ALIGN (0x4)
                0x00000000200002a0                _ebss = .
                0x00000000200002a0                __bss_end__ = _ebss

._user_heap_stack
                0x00000000200002a0      0x600 load address 0x0000000008003730
                0x00000000200002a0                . = ALIGN (0x8)
                [!provide]                        PROVIDE (end = .)
                0x00000000200002a0                PROVIDE (_end = .)
                0x00000000200004a0                . = (. + _Min_Heap_Size)
 *fill*         0x00000000200002a0      0x200 
                0x00000000200008a0                . = (. + _Min_Stack_Size)
 *fill*         0x00000000200004a0      0x400 
                0x00000000200008a0                . = ALIGN (0x8)

/DISCARD/
 libc.a(*)
 libm.a(*)
 libgcc.a(*)

.ARM.attributes
                0x0000000000000000       0x30
 *(.ARM.attributes)
 .ARM.attributes
                0x0000000000000000       0x1e /opt/gcc-arm-none-eabi-9-2020-q2-update/bin/../lib/gcc/arm-none-eabi/9.3.1/thumb/v7e-m+fp/hard/crti.o
 .ARM.attributes
                0x000000000000001e       0x34 /opt/gcc-arm-none-eabi-9-2020-q2-update/bin/../lib/gcc/arm-none-eabi/9.3.1/thumb/v7e-m+fp/hard/crtbegin.o
 .ARM.attributes
                0x0000000000000052       0x34 ./Core/Src/can.o
 .ARM.attributes
                0x0000000000000086       0x34 ./Core/Src/gpio.o
 .ARM.attributes
                0x00000000000000ba       0x34 ./Core/Src/main.o
 .ARM.attributes
                0x00000000000000ee       0x34 ./Core/Src/stm32l4xx_hal_msp.o
 .ARM.attributes
                0x0000000000000122       0x34 ./Core/Src/stm32l4xx_it.o
 .ARM.attributes
                0x0000000000000156       0x34 ./Core/Src/system_stm32l4xx.o
 .ARM.attributes
                0x000000000000018a       0x34 ./Core/Src/tim.o
 .ARM.attributes
                0x00000000000001be       0x34 ./Core/Src/usart.o
 .ARM.attributes
                0x00000000000001f2       0x21 ./Core/Startup/startup_stm32l431cctx.o
 .ARM.attributes
                0x0000000000000213       0x34 ./Drivers/STM32L4xx_HAL_Driver/Src/stm32l4xx_hal.o
 .ARM.attributes
                0x0000000000000247       0x34 ./Drivers/STM32L4xx_HAL_Driver/Src/stm32l4xx_hal_can.o
 .ARM.attributes
                0x000000000000027b       0x34 ./Drivers/STM32L4xx_HAL_Driver/Src/stm32l4xx_hal_cortex.o
 .ARM.attributes
                0x00000000000002af       0x34 ./Drivers/STM32L4xx_HAL_Driver/Src/stm32l4xx_hal_dma.o
 .ARM.attributes
                0x00000000000002e3       0x34 ./Drivers/STM32L4xx_HAL_Driver/Src/stm32l4xx_hal_gpio.o
 .ARM.attributes
                0x0000000000000317       0x34 ./Drivers/STM32L4xx_HAL_Driver/Src/stm32l4xx_hal_pwr_ex.o
 .ARM.attributes
                0x000000000000034b       0x34 ./Drivers/STM32L4xx_HAL_Driver/Src/stm32l4xx_hal_rcc.o
 .ARM.attributes
                0x000000000000037f       0x34 ./Drivers/STM32L4xx_HAL_Driver/Src/stm32l4xx_hal_tim.o
 .ARM.attributes
                0x00000000000003b3       0x34 ./Drivers/STM32L4xx_HAL_Driver/Src/stm32l4xx_hal_tim_ex.o
 .ARM.attributes
                0x00000000000003e7       0x34 ./Drivers/STM32L4xx_HAL_Driver/Src/stm32l4xx_hal_uart.o
 .ARM.attributes
                0x000000000000041b       0x34 ./Drivers/STM32L4xx_HAL_Driver/Src/stm32l4xx_hal_uart_ex.o
 .ARM.attributes
                0x000000000000044f       0x34 /opt/gcc-arm-none-eabi-9-2020-q2-update/bin/../lib/gcc/arm-none-eabi/9.3.1/../../../../arm-none-eabi/lib/thumb/v7e-m+fp/hard/libc_nano.a(lib_a-init.o)
 .ARM.attributes
                0x0000000000000483       0x34 /opt/gcc-arm-none-eabi-9-2020-q2-update/bin/../lib/gcc/arm-none-eabi/9.3.1/../../../../arm-none-eabi/lib/thumb/v7e-m+fp/hard/libc_nano.a(lib_a-memset.o)
 .ARM.attributes
                0x00000000000004b7       0x1e /opt/gcc-arm-none-eabi-9-2020-q2-update/bin/../lib/gcc/arm-none-eabi/9.3.1/thumb/v7e-m+fp/hard/crtn.o
OUTPUT(stm32l431_network_uart.elf elf32-littlearm)
LOAD linker stubs
LOAD /opt/gcc-arm-none-eabi-9-2020-q2-update/bin/../lib/gcc/arm-none-eabi/9.3.1/../../../../arm-none-eabi/lib/thumb/v7e-m+fp/hard/libc.a
LOAD /opt/gcc-arm-none-eabi-9-2020-q2-update/bin/../lib/gcc/arm-none-eabi/9.3.1/../../../../arm-none-eabi/lib/thumb/v7e-m+fp/hard/libm.a
LOAD /opt/gcc-arm-none-eabi-9-2020-q2-update/bin/../lib/gcc/arm-none-eabi/9.3.1/thumb/v7e-m+fp/hard/libgcc.a

.debug_info     0x0000000000000000    0x1507e
 .debug_info    0x0000000000000000      0xd89 ./Core/Src/can.o
 .debug_info    0x0000000000000d89      0x6c2 ./Core/Src/gpio.o
 .debug_info    0x000000000000144b      0xf2e ./Core/Src/main.o
 .debug_info    0x0000000000002379      0x553 ./Core/Src/stm32l4xx_hal_msp.o
 .debug_info    0x00000000000028cc     0x1131 ./Core/Src/stm32l4xx_it.o
 .debug_info    0x00000000000039fd      0x780 ./Core/Src/system_stm32l4xx.o
 .debug_info    0x000000000000417d      0xe57 ./Core/Src/tim.o
 .debug_info    0x0000000000004fd4     0x1065 ./Core/Src/usart.o
 .debug_info    0x0000000000006039       0x22 ./Core/Startup/startup_stm32l431cctx.o
 .debug_info    0x000000000000605b      0xc61 ./Drivers/STM32L4xx_HAL_Driver/Src/stm32l4xx_hal.o
 .debug_info    0x0000000000006cbc     0x1231 ./Drivers/STM32L4xx_HAL_Driver/Src/stm32l4xx_hal_can.o
 .debug_info    0x0000000000007eed      0xfc8 ./Drivers/STM32L4xx_HAL_Driver/Src/stm32l4xx_hal_cortex.o
 .debug_info    0x0000000000008eb5      0x973 ./Drivers/STM32L4xx_HAL_Driver/Src/stm32l4xx_hal_dma.o
 .debug_info    0x0000000000009828      0xa5e ./Drivers/STM32L4xx_HAL_Driver/Src/stm32l4xx_hal_gpio.o
 .debug_info    0x000000000000a286      0xb1c ./Drivers/STM32L4xx_HAL_Driver/Src/stm32l4xx_hal_pwr_ex.o
 .debug_info    0x000000000000ada2      0xde1 ./Drivers/STM32L4xx_HAL_Driver/Src/stm32l4xx_hal_rcc.o
 .debug_info    0x000000000000bb83     0x2e79 ./Drivers/STM32L4xx_HAL_Driver/Src/stm32l4xx_hal_tim.o
 .debug_info    0x000000000000e9fc     0x18c8 ./Drivers/STM32L4xx_HAL_Driver/Src/stm32l4xx_hal_tim_ex.o
 .debug_info    0x00000000000102c4     0x3e64 ./Drivers/STM32L4xx_HAL_Driver/Src/stm32l4xx_hal_uart.o
 .debug_info    0x0000000000014128      0xf56 ./Drivers/STM32L4xx_HAL_Driver/Src/stm32l4xx_hal_uart_ex.o

.debug_abbrev   0x0000000000000000     0x2892
 .debug_abbrev  0x0000000000000000      0x1cd ./Core/Src/can.o
 .debug_abbrev  0x00000000000001cd      0x14e ./Core/Src/gpio.o
 .debug_abbrev  0x000000000000031b      0x32a ./Core/Src/main.o
 .debug_abbrev  0x0000000000000645      0x13d ./Core/Src/stm32l4xx_hal_msp.o
 .debug_abbrev  0x0000000000000782      0x1d2 ./Core/Src/stm32l4xx_it.o
 .debug_abbrev  0x0000000000000954      0x165 ./Core/Src/system_stm32l4xx.o
 .debug_abbrev  0x0000000000000ab9      0x1c6 ./Core/Src/tim.o
 .debug_abbrev  0x0000000000000c7f      0x1d7 ./Core/Src/usart.o
 .debug_abbrev  0x0000000000000e56       0x12 ./Core/Startup/startup_stm32l431cctx.o
 .debug_abbrev  0x0000000000000e68      0x227 ./Drivers/STM32L4xx_HAL_Driver/Src/stm32l4xx_hal.o
 .debug_abbrev  0x000000000000108f      0x25d ./Drivers/STM32L4xx_HAL_Driver/Src/stm32l4xx_hal_can.o
 .debug_abbrev  0x00000000000012ec      0x33c ./Drivers/STM32L4xx_HAL_Driver/Src/stm32l4xx_hal_cortex.o
 .debug_abbrev  0x0000000000001628      0x201 ./Drivers/STM32L4xx_HAL_Driver/Src/stm32l4xx_hal_dma.o
 .debug_abbrev  0x0000000000001829      0x1e8 ./Drivers/STM32L4xx_HAL_Driver/Src/stm32l4xx_hal_gpio.o
 .debug_abbrev  0x0000000000001a11      0x1f3 ./Drivers/STM32L4xx_HAL_Driver/Src/stm32l4xx_hal_pwr_ex.o
 .debug_abbrev  0x0000000000001c04      0x275 ./Drivers/STM32L4xx_HAL_Driver/Src/stm32l4xx_hal_rcc.o
 .debug_abbrev  0x0000000000001e79      0x25e ./Drivers/STM32L4xx_HAL_Driver/Src/stm32l4xx_hal_tim.o
 .debug_abbrev  0x00000000000020d7      0x266 ./Drivers/STM32L4xx_HAL_Driver/Src/stm32l4xx_hal_tim_ex.o
 .debug_abbrev  0x000000000000233d      0x2b3 ./Drivers/STM32L4xx_HAL_Driver/Src/stm32l4xx_hal_uart.o
 .debug_abbrev  0x00000000000025f0      0x2a2 ./Drivers/STM32L4xx_HAL_Driver/Src/stm32l4xx_hal_uart_ex.o

.debug_aranges  0x0000000000000000     0x1018
 .debug_aranges
                0x0000000000000000       0x40 ./Core/Src/can.o
 .debug_aranges
                0x0000000000000040       0x20 ./Core/Src/gpio.o
 .debug_aranges
                0x0000000000000060       0x68 ./Core/Src/main.o
 .debug_aranges
                0x00000000000000c8       0x20 ./Core/Src/stm32l4xx_hal_msp.o
 .debug_aranges
                0x00000000000000e8       0x88 ./Core/Src/stm32l4xx_it.o
 .debug_aranges
                0x0000000000000170       0x28 ./Core/Src/system_stm32l4xx.o
 .debug_aranges
                0x0000000000000198       0x38 ./Core/Src/tim.o
 .debug_aranges
                0x00000000000001d0       0x38 ./Core/Src/usart.o
 .debug_aranges
                0x0000000000000208       0x28 ./Core/Startup/startup_stm32l431cctx.o
 .debug_aranges
                0x0000000000000230      0x130 ./Drivers/STM32L4xx_HAL_Driver/Src/stm32l4xx_hal.o
 .debug_aranges
                0x0000000000000360      0x138 ./Drivers/STM32L4xx_HAL_Driver/Src/stm32l4xx_hal_can.o
 .debug_aranges
                0x0000000000000498      0x118 ./Drivers/STM32L4xx_HAL_Driver/Src/stm32l4xx_hal_cortex.o
 .debug_aranges
                0x00000000000005b0       0x80 ./Drivers/STM32L4xx_HAL_Driver/Src/stm32l4xx_hal_dma.o
 .debug_aranges
                0x0000000000000630       0x58 ./Drivers/STM32L4xx_HAL_Driver/Src/stm32l4xx_hal_gpio.o
 .debug_aranges
                0x0000000000000688      0x100 ./Drivers/STM32L4xx_HAL_Driver/Src/stm32l4xx_hal_pwr_ex.o
 .debug_aranges
                0x0000000000000788       0x90 ./Drivers/STM32L4xx_HAL_Driver/Src/stm32l4xx_hal_rcc.o
 .debug_aranges
                0x0000000000000818      0x3e0 ./Drivers/STM32L4xx_HAL_Driver/Src/stm32l4xx_hal_tim.o
 .debug_aranges
                0x0000000000000bf8      0x180 ./Drivers/STM32L4xx_HAL_Driver/Src/stm32l4xx_hal_tim_ex.o
 .debug_aranges
                0x0000000000000d78      0x228 ./Drivers/STM32L4xx_HAL_Driver/Src/stm32l4xx_hal_uart.o
 .debug_aranges
                0x0000000000000fa0       0x78 ./Drivers/STM32L4xx_HAL_Driver/Src/stm32l4xx_hal_uart_ex.o

.debug_ranges   0x0000000000000000      0xf10
 .debug_ranges  0x0000000000000000       0x30 ./Core/Src/can.o
 .debug_ranges  0x0000000000000030       0x10 ./Core/Src/gpio.o
 .debug_ranges  0x0000000000000040       0x58 ./Core/Src/main.o
 .debug_ranges  0x0000000000000098       0x10 ./Core/Src/stm32l4xx_hal_msp.o
 .debug_ranges  0x00000000000000a8       0x78 ./Core/Src/stm32l4xx_it.o
 .debug_ranges  0x0000000000000120       0x18 ./Core/Src/system_stm32l4xx.o
 .debug_ranges  0x0000000000000138       0x28 ./Core/Src/tim.o
 .debug_ranges  0x0000000000000160       0x28 ./Core/Src/usart.o
 .debug_ranges  0x0000000000000188       0x20 ./Core/Startup/startup_stm32l431cctx.o
 .debug_ranges  0x00000000000001a8      0x120 ./Drivers/STM32L4xx_HAL_Driver/Src/stm32l4xx_hal.o
 .debug_ranges  0x00000000000002c8      0x128 ./Drivers/STM32L4xx_HAL_Driver/Src/stm32l4xx_hal_can.o
 .debug_ranges  0x00000000000003f0      0x108 ./Drivers/STM32L4xx_HAL_Driver/Src/stm32l4xx_hal_cortex.o
 .debug_ranges  0x00000000000004f8       0x70 ./Drivers/STM32L4xx_HAL_Driver/Src/stm32l4xx_hal_dma.o
 .debug_ranges  0x0000000000000568       0x48 ./Drivers/STM32L4xx_HAL_Driver/Src/stm32l4xx_hal_gpio.o
 .debug_ranges  0x00000000000005b0       0xf0 ./Drivers/STM32L4xx_HAL_Driver/Src/stm32l4xx_hal_pwr_ex.o
 .debug_ranges  0x00000000000006a0       0x80 ./Drivers/STM32L4xx_HAL_Driver/Src/stm32l4xx_hal_rcc.o
 .debug_ranges  0x0000000000000720      0x3d0 ./Drivers/STM32L4xx_HAL_Driver/Src/stm32l4xx_hal_tim.o
 .debug_ranges  0x0000000000000af0      0x170 ./Drivers/STM32L4xx_HAL_Driver/Src/stm32l4xx_hal_tim_ex.o
 .debug_ranges  0x0000000000000c60      0x248 ./Drivers/STM32L4xx_HAL_Driver/Src/stm32l4xx_hal_uart.o
 .debug_ranges  0x0000000000000ea8       0x68 ./Drivers/STM32L4xx_HAL_Driver/Src/stm32l4xx_hal_uart_ex.o

.debug_macro    0x0000000000000000    0x21678
 .debug_macro   0x0000000000000000      0x1e3 ./Core/Src/can.o
 .debug_macro   0x00000000000001e3      0xaa8 ./Core/Src/can.o
 .debug_macro   0x0000000000000c8b      0x1ad ./Core/Src/can.o
 .debug_macro   0x0000000000000e38       0x2e ./Core/Src/can.o
 .debug_macro   0x0000000000000e66       0x28 ./Core/Src/can.o
 .debug_macro   0x0000000000000e8e       0x22 ./Core/Src/can.o
 .debug_macro   0x0000000000000eb0       0x8e ./Core/Src/can.o
 .debug_macro   0x0000000000000f3e       0x51 ./Core/Src/can.o
 .debug_macro   0x0000000000000f8f      0x103 ./Core/Src/can.o
 .debug_macro   0x0000000000001092       0x6a ./Core/Src/can.o
 .debug_macro   0x00000000000010fc      0x1df ./Core/Src/can.o
 .debug_macro   0x00000000000012db       0x1c ./Core/Src/can.o
 .debug_macro   0x00000000000012f7       0x22 ./Core/Src/can.o
 .debug_macro   0x0000000000001319      0x101 ./Core/Src/can.o
 .debug_macro   0x000000000000141a     0x1011 ./Core/Src/can.o
 .debug_macro   0x000000000000242b      0x11f ./Core/Src/can.o
 .debug_macro   0x000000000000254a    0x1511c ./Core/Src/can.o
 .debug_macro   0x0000000000017666       0x6d ./Core/Src/can.o
 .debug_macro   0x00000000000176d3     0x38e6 ./Core/Src/can.o
 .debug_macro   0x000000000001afb9      0x174 ./Core/Src/can.o
 .debug_macro   0x000000000001b12d       0x5c ./Core/Src/can.o
 .debug_macro   0x000000000001b189     0x1328 ./Core/Src/can.o
 .debug_macro   0x000000000001c4b1      0x5a5 ./Core/Src/can.o
 .debug_macro   0x000000000001ca56      0x1b9 ./Core/Src/can.o
 .debug_macro   0x000000000001cc0f      0x11b ./Core/Src/can.o
 .debug_macro   0x000000000001cd2a      0x26b ./Core/Src/can.o
 .debug_macro   0x000000000001cf95      0x23d ./Core/Src/can.o
 .debug_macro   0x000000000001d1d2      0x408 ./Core/Src/can.o
 .debug_macro   0x000000000001d5da      0x241 ./Core/Src/can.o
 .debug_macro   0x000000000001d81b      0x375 ./Core/Src/can.o
 .debug_macro   0x000000000001db90       0xd6 ./Core/Src/can.o
 .debug_macro   0x000000000001dc66      0x122 ./Core/Src/can.o
 .debug_macro   0x000000000001dd88      0x2ee ./Core/Src/can.o
 .debug_macro   0x000000000001e076      0xa91 ./Core/Src/can.o
 .debug_macro   0x000000000001eb07      0x12d ./Core/Src/can.o
 .debug_macro   0x000000000001ec34      0x5ba ./Core/Src/can.o
 .debug_macro   0x000000000001f1ee       0x44 ./Core/Src/can.o
 .debug_macro   0x000000000001f232      0x26d ./Core/Src/can.o
 .debug_macro   0x000000000001f49f       0x16 ./Core/Src/can.o
 .debug_macro   0x000000000001f4b5      0x1e3 ./Core/Src/gpio.o
 .debug_macro   0x000000000001f698      0x1f7 ./Core/Src/main.o
 .debug_macro   0x000000000001f88f      0x1d9 ./Core/Src/stm32l4xx_hal_msp.o
 .debug_macro   0x000000000001fa68      0x1e3 ./Core/Src/stm32l4xx_it.o
 .debug_macro   0x000000000001fc4b      0x1ca ./Core/Src/system_stm32l4xx.o
 .debug_macro   0x000000000001fe15      0x1e3 ./Core/Src/tim.o
 .debug_macro   0x000000000001fff8      0x1e3 ./Core/Src/usart.o
 .debug_macro   0x00000000000201db      0x218 ./Drivers/STM32L4xx_HAL_Driver/Src/stm32l4xx_hal.o
 .debug_macro   0x00000000000203f3      0x1d2 ./Drivers/STM32L4xx_HAL_Driver/Src/stm32l4xx_hal_can.o
 .debug_macro   0x00000000000205c5      0x1ca ./Drivers/STM32L4xx_HAL_Driver/Src/stm32l4xx_hal_cortex.o
 .debug_macro   0x000000000002078f      0x1ca ./Drivers/STM32L4xx_HAL_Driver/Src/stm32l4xx_hal_dma.o
 .debug_macro   0x0000000000020959      0x1d1 ./Drivers/STM32L4xx_HAL_Driver/Src/stm32l4xx_hal_gpio.o
 .debug_macro   0x0000000000020b2a      0x1ee ./Drivers/STM32L4xx_HAL_Driver/Src/stm32l4xx_hal_pwr_ex.o
 .debug_macro   0x0000000000020d18      0x20c ./Drivers/STM32L4xx_HAL_Driver/Src/stm32l4xx_hal_rcc.o
 .debug_macro   0x0000000000020f24      0x1cb ./Drivers/STM32L4xx_HAL_Driver/Src/stm32l4xx_hal_tim.o
 .debug_macro   0x00000000000210ef      0x1ca ./Drivers/STM32L4xx_HAL_Driver/Src/stm32l4xx_hal_tim_ex.o
 .debug_macro   0x00000000000212b9      0x1f5 ./Drivers/STM32L4xx_HAL_Driver/Src/stm32l4xx_hal_uart.o
 .debug_macro   0x00000000000214ae      0x1ca ./Drivers/STM32L4xx_HAL_Driver/Src/stm32l4xx_hal_uart_ex.o

.debug_line     0x0000000000000000    0x10c45
 .debug_line    0x0000000000000000      0x5e9 ./Core/Src/can.o
 .debug_line    0x00000000000005e9      0x529 ./Core/Src/gpio.o
 .debug_line    0x0000000000000b12      0x7f0 ./Core/Src/main.o
 .debug_line    0x0000000000001302      0x51a ./Core/Src/stm32l4xx_hal_msp.o
 .debug_line    0x000000000000181c      0x655 ./Core/Src/stm32l4xx_it.o
 .debug_line    0x0000000000001e71      0x5b0 ./Core/Src/system_stm32l4xx.o
 .debug_line    0x0000000000002421      0x5ea ./Core/Src/tim.o
 .debug_line    0x0000000000002a0b      0x669 ./Core/Src/usart.o
 .debug_line    0x0000000000003074       0x88 ./Core/Startup/startup_stm32l431cctx.o
 .debug_line    0x00000000000030fc      0x90a ./Drivers/STM32L4xx_HAL_Driver/Src/stm32l4xx_hal.o
 .debug_line    0x0000000000003a06      0xf75 ./Drivers/STM32L4xx_HAL_Driver/Src/stm32l4xx_hal_can.o
 .debug_line    0x000000000000497b      0xab1 ./Drivers/STM32L4xx_HAL_Driver/Src/stm32l4xx_hal_cortex.o
 .debug_line    0x000000000000542c      0xae9 ./Drivers/STM32L4xx_HAL_Driver/Src/stm32l4xx_hal_dma.o
 .debug_line    0x0000000000005f15      0x92a ./Drivers/STM32L4xx_HAL_Driver/Src/stm32l4xx_hal_gpio.o
 .debug_line    0x000000000000683f      0x963 ./Drivers/STM32L4xx_HAL_Driver/Src/stm32l4xx_hal_pwr_ex.o
 .debug_line    0x00000000000071a2      0xdc1 ./Drivers/STM32L4xx_HAL_Driver/Src/stm32l4xx_hal_rcc.o
 .debug_line    0x0000000000007f63     0x3938 ./Drivers/STM32L4xx_HAL_Driver/Src/stm32l4xx_hal_tim.o
 .debug_line    0x000000000000b89b     0x1918 ./Drivers/STM32L4xx_HAL_Driver/Src/stm32l4xx_hal_tim_ex.o
 .debug_line    0x000000000000d1b3     0x303f ./Drivers/STM32L4xx_HAL_Driver/Src/stm32l4xx_hal_uart.o
 .debug_line    0x00000000000101f2      0xa53 ./Drivers/STM32L4xx_HAL_Driver/Src/stm32l4xx_hal_uart_ex.o

.debug_str      0x0000000000000000    0xccad8
 .debug_str     0x0000000000000000    0xc82ed ./Core/Src/can.o
                                      0xc8645 (size before relaxing)
 .debug_str     0x00000000000c82ed       0x48 ./Core/Src/gpio.o
                                      0xc7efd (size before relaxing)
 .debug_str     0x00000000000c8335      0x43b ./Core/Src/main.o
                                      0xc850a (size before relaxing)
 .debug_str     0x00000000000c8770       0x2c ./Core/Src/stm32l4xx_hal_msp.o
                                      0xc7e60 (size before relaxing)
 .debug_str     0x00000000000c879c      0x746 ./Core/Src/stm32l4xx_it.o
                                      0xc8772 (size before relaxing)
 .debug_str     0x00000000000c8ee2       0xb8 ./Core/Src/system_stm32l4xx.o
                                      0xc7e9d (size before relaxing)
 .debug_str     0x00000000000c8f9a      0x124 ./Core/Src/tim.o
                                      0xc885b (size before relaxing)
 .debug_str     0x00000000000c90be      0x233 ./Core/Src/usart.o
                                      0xc88f2 (size before relaxing)
 .debug_str     0x00000000000c92f1       0x36 ./Core/Startup/startup_stm32l431cctx.o
                                         0x9c (size before relaxing)
 .debug_str     0x00000000000c9327      0x5c0 ./Drivers/STM32L4xx_HAL_Driver/Src/stm32l4xx_hal.o
                                      0xc88b9 (size before relaxing)
 .debug_str     0x00000000000c98e7      0x463 ./Drivers/STM32L4xx_HAL_Driver/Src/stm32l4xx_hal_can.o
                                      0xc8538 (size before relaxing)
 .debug_str     0x00000000000c9d4a      0x389 ./Drivers/STM32L4xx_HAL_Driver/Src/stm32l4xx_hal_cortex.o
                                      0xc8626 (size before relaxing)
 .debug_str     0x00000000000ca0d3      0x253 ./Drivers/STM32L4xx_HAL_Driver/Src/stm32l4xx_hal_dma.o
                                      0xc810d (size before relaxing)
 .debug_str     0x00000000000ca326      0x153 ./Drivers/STM32L4xx_HAL_Driver/Src/stm32l4xx_hal_gpio.o
                                      0xc805d (size before relaxing)
 .debug_str     0x00000000000ca479      0x418 ./Drivers/STM32L4xx_HAL_Driver/Src/stm32l4xx_hal_pwr_ex.o
                                      0xc82ea (size before relaxing)
 .debug_str     0x00000000000ca891      0x3b2 ./Drivers/STM32L4xx_HAL_Driver/Src/stm32l4xx_hal_rcc.o
                                      0xc8451 (size before relaxing)
 .debug_str     0x00000000000cac43      0xe02 ./Drivers/STM32L4xx_HAL_Driver/Src/stm32l4xx_hal_tim.o
                                      0xc913d (size before relaxing)
 .debug_str     0x00000000000cba45      0x5fc ./Drivers/STM32L4xx_HAL_Driver/Src/stm32l4xx_hal_tim_ex.o
                                      0xc8a0f (size before relaxing)
 .debug_str     0x00000000000cc041      0x8ba ./Drivers/STM32L4xx_HAL_Driver/Src/stm32l4xx_hal_uart.o
                                      0xc8b1f (size before relaxing)
 .debug_str     0x00000000000cc8fb      0x1dd ./Drivers/STM32L4xx_HAL_Driver/Src/stm32l4xx_hal_uart_ex.o
                                      0xc832d (size before relaxing)

.comment        0x0000000000000000       0x4c
 .comment       0x0000000000000000       0x4c ./Core/Src/can.o
                                         0x4d (size before relaxing)
 .comment       0x000000000000004c       0x4d ./Core/Src/gpio.o
 .comment       0x000000000000004c       0x4d ./Core/Src/main.o
 .comment       0x000000000000004c       0x4d ./Core/Src/stm32l4xx_hal_msp.o
 .comment       0x000000000000004c       0x4d ./Core/Src/stm32l4xx_it.o
 .comment       0x000000000000004c       0x4d ./Core/Src/system_stm32l4xx.o
 .comment       0x000000000000004c       0x4d ./Core/Src/tim.o
 .comment       0x000000000000004c       0x4d ./Core/Src/usart.o
 .comment       0x000000000000004c       0x4d ./Drivers/STM32L4xx_HAL_Driver/Src/stm32l4xx_hal.o
 .comment       0x000000000000004c       0x4d ./Drivers/STM32L4xx_HAL_Driver/Src/stm32l4xx_hal_can.o
 .comment       0x000000000000004c       0x4d ./Drivers/STM32L4xx_HAL_Driver/Src/stm32l4xx_hal_cortex.o
 .comment       0x000000000000004c       0x4d ./Drivers/STM32L4xx_HAL_Driver/Src/stm32l4xx_hal_dma.o
 .comment       0x000000000000004c       0x4d ./Drivers/STM32L4xx_HAL_Driver/Src/stm32l4xx_hal_gpio.o
 .comment       0x000000000000004c       0x4d ./Drivers/STM32L4xx_HAL_Driver/Src/stm32l4xx_hal_pwr_ex.o
 .comment       0x000000000000004c       0x4d ./Drivers/STM32L4xx_HAL_Driver/Src/stm32l4xx_hal_rcc.o
 .comment       0x000000000000004c       0x4d ./Drivers/STM32L4xx_HAL_Driver/Src/stm32l4xx_hal_tim.o
 .comment       0x000000000000004c       0x4d ./Drivers/STM32L4xx_HAL_Driver/Src/stm32l4xx_hal_tim_ex.o
 .comment       0x000000000000004c       0x4d ./Drivers/STM32L4xx_HAL_Driver/Src/stm32l4xx_hal_uart.o
 .comment       0x000000000000004c       0x4d ./Drivers/STM32L4xx_HAL_Driver/Src/stm32l4xx_hal_uart_ex.o

.debug_frame    0x0000000000000000     0x42d0
 .debug_frame   0x0000000000000000       0xb4 ./Core/Src/can.o
 .debug_frame   0x00000000000000b4       0x34 ./Core/Src/gpio.o
 .debug_frame   0x00000000000000e8      0x170 ./Core/Src/main.o
 .debug_frame   0x0000000000000258       0x38 ./Core/Src/stm32l4xx_hal_msp.o
 .debug_frame   0x0000000000000290      0x190 ./Core/Src/stm32l4xx_it.o
 .debug_frame   0x0000000000000420       0x58 ./Core/Src/system_stm32l4xx.o
 .debug_frame   0x0000000000000478       0xa0 ./Core/Src/tim.o
 .debug_frame   0x0000000000000518       0x94 ./Core/Src/usart.o
 .debug_frame   0x00000000000005ac      0x498 ./Drivers/STM32L4xx_HAL_Driver/Src/stm32l4xx_hal.o
 .debug_frame   0x0000000000000a44      0x5a0 ./Drivers/STM32L4xx_HAL_Driver/Src/stm32l4xx_hal_can.o
 .debug_frame   0x0000000000000fe4      0x498 ./Drivers/STM32L4xx_HAL_Driver/Src/stm32l4xx_hal_cortex.o
 .debug_frame   0x000000000000147c      0x204 ./Drivers/STM32L4xx_HAL_Driver/Src/stm32l4xx_hal_dma.o
 .debug_frame   0x0000000000001680      0x14c ./Drivers/STM32L4xx_HAL_Driver/Src/stm32l4xx_hal_gpio.o
 .debug_frame   0x00000000000017cc      0x404 ./Drivers/STM32L4xx_HAL_Driver/Src/stm32l4xx_hal_pwr_ex.o
 .debug_frame   0x0000000000001bd0      0x21c ./Drivers/STM32L4xx_HAL_Driver/Src/stm32l4xx_hal_rcc.o
 .debug_frame   0x0000000000001dec     0x121c ./Drivers/STM32L4xx_HAL_Driver/Src/stm32l4xx_hal_tim.o
 .debug_frame   0x0000000000003008      0x6b0 ./Drivers/STM32L4xx_HAL_Driver/Src/stm32l4xx_hal_tim_ex.o
 .debug_frame   0x00000000000036b8      0x9ec ./Drivers/STM32L4xx_HAL_Driver/Src/stm32l4xx_hal_uart.o
 .debug_frame   0x00000000000040a4      0x1e0 ./Drivers/STM32L4xx_HAL_Driver/Src/stm32l4xx_hal_uart_ex.o
 .debug_frame   0x0000000000004284       0x2c /opt/gcc-arm-none-eabi-9-2020-q2-update/bin/../lib/gcc/arm-none-eabi/9.3.1/../../../../arm-none-eabi/lib/thumb/v7e-m+fp/hard/libc_nano.a(lib_a-init.o)
 .debug_frame   0x00000000000042b0       0x20 /opt/gcc-arm-none-eabi-9-2020-q2-update/bin/../lib/gcc/arm-none-eabi/9.3.1/../../../../arm-none-eabi/lib/thumb/v7e-m+fp/hard/libc_nano.a(lib_a-memset.o)
